Copyright 1986-2019 Xilinx, Inc. All Rights Reserved.
-------------------------------------------------------------------------------------
| Tool Version : Vivado v.2019.1 (win64) Build 2552052 Fri May 24 14:49:42 MDT 2019
| Date         : Sat Mar 18 20:43:17 2023
| Host         : Abs-PC running 64-bit major release  (build 9200)
| Command      : report_control_sets -verbose -file TopLevel_control_sets_placed.rpt
| Design       : TopLevel
| Device       : xc7a35t
-------------------------------------------------------------------------------------

Control Set Information

Table of Contents
-----------------
1. Summary
2. Histogram
3. Flip-Flop Distribution
4. Detailed Control Set Information

1. Summary
----------

+----------------------------------------------------------+-------+
|                          Status                          | Count |
+----------------------------------------------------------+-------+
| Total control sets                                       |    38 |
|    Minimum number of control sets                        |    38 |
|    Addition due to synthesis replication                 |     0 |
|    Addition due to physical synthesis replication        |     0 |
| Unused register locations in slices containing registers |   177 |
+----------------------------------------------------------+-------+
* Control sets can be merged at opt_design using control_set_merge or merge_equivalent_drivers
** Run report_qor_suggestions for automated merging and remapping suggestions


2. Histogram
------------

+--------------------+-------+
|       Fanout       | Count |
+--------------------+-------+
| Total control sets |    38 |
| >= 0 to < 4        |    11 |
| >= 4 to < 6        |    25 |
| >= 6 to < 8        |     0 |
| >= 8 to < 10       |     0 |
| >= 10 to < 12      |     0 |
| >= 12 to < 14      |     0 |
| >= 14 to < 16      |     0 |
| >= 16              |     2 |
+--------------------+-------+
* Control sets can be remapped at either synth_design or opt_design


3. Flip-Flop Distribution
-------------------------

+--------------+-----------------------+------------------------+-----------------+--------------+
| Clock Enable | Synchronous Set/Reset | Asynchronous Set/Reset | Total Registers | Total Slices |
+--------------+-----------------------+------------------------+-----------------+--------------+
| No           | No                    | No                     |              42 |           21 |
| No           | No                    | Yes                    |               0 |            0 |
| No           | Yes                   | No                     |               0 |            0 |
| Yes          | No                    | No                     |             133 |           63 |
| Yes          | No                    | Yes                    |               0 |            0 |
| Yes          | Yes                   | No                     |              24 |           13 |
+--------------+-----------------------+------------------------+-----------------+--------------+


4. Detailed Control Set Information
-----------------------------------

+------------------------------+-----------------------------------------+-----------------------+------------------+----------------+
|         Clock Signal         |              Enable Signal              |    Set/Reset Signal   | Slice Load Count | Bel Load Count |
+------------------------------+-----------------------------------------+-----------------------+------------------+----------------+
|  not_so_slow/slowclk/clk_out | flash/count1/CE                         |                       |                1 |              2 |
|  frameEdge/frame             | playerHmove/count2/CE_0                 |                       |                1 |              2 |
|  not_so_slow/slowclk/clk_out | timeCounter/count2/Up0                  | shipState/reset07_out |                1 |              2 |
|  frameEdge/frame             | playerVmove/count1/CE                   |                       |                1 |              2 |
|  not_so_slow/slowclk/clk_out | Horizontal/count2/CE_0                  |                       |                1 |              2 |
|  not_so_slow/slowclk/clk_out | Vertical/count2/CE                      |                       |                1 |              2 |
|  clk0_BUFG                   | shipVmove5/count2/CE                    |                       |                1 |              2 |
|  clk0_BUFG                   | shipVmove/count2/CE                     | smach/reset06_out     |                2 |              2 |
|  clk0_BUFG                   | shipVmove4/count2/CE                    |                       |                2 |              2 |
|  clk0_BUFG                   | shipVmove2/count2/CE                    |                       |                1 |              2 |
|  clk0_BUFG                   | shipVmove3/count2/CE                    |                       |                2 |              2 |
|  not_so_slow/slowclk/clk_out | Horizontal/count2/CE                    |                       |                2 |              4 |
|  not_so_slow/slowclk/clk_out | smach/QFF[4]_0                          | scoreCounter/reset0   |                1 |              4 |
|  not_so_slow/slowclk/clk_out | timeCounter/count1/Up012_out            | shipState/reset07_out |                2 |              4 |
|  not_so_slow/slowclk/clk_out | frameEdge/frame                         |                       |                1 |              4 |
|  not_so_slow/slowclk/clk_out | frameEdge/frame                         | shipState/reset07_out |                2 |              4 |
|  not_so_slow/slowclk/clk_out | not_so_slow/slowclk/XLXI_38/I_36_31_n_0 |                       |                2 |              4 |
|  not_so_slow/slowclk/clk_out | not_so_slow/slowclk/XLXI_39/CEO         |                       |                2 |              4 |
|  not_so_slow/slowclk/clk_out | not_so_slow/slowclk/XLXI_40/CEO         |                       |                2 |              4 |
|  not_so_slow/slowclk/clk_out | not_so_slow/slowclk/XLXI_45/CEO         |                       |                1 |              4 |
|  not_so_slow/slowclk/clk_out | Vertical/count1/CE_0                    |                       |                2 |              4 |
|  clk0_BUFG                   | shipVmove5/count1/CE                    |                       |                2 |              4 |
|  frameEdge/frame             | playerHmove/count1/CE                   |                       |                2 |              4 |
|  clk0_BUFG                   | shipVmove5/count3/Up0                   |                       |                1 |              4 |
|  clk0_BUFG                   | shipVmove/count1/CE                     | smach/reset06_out     |                2 |              4 |
|  frameEdge/frame             | playerHmove/count2/CE                   |                       |                2 |              4 |
|  clk0_BUFG                   | shipVmove/count3/Up066_out              | smach/reset06_out     |                3 |              4 |
|  clk0_BUFG                   | shipVmove4/count1/CE                    |                       |                1 |              4 |
|  frameEdge/frame             | playerVmove/count1/CE_0                 |                       |                2 |              4 |
|  clk0_BUFG                   | shipVmove2/count1/CE                    |                       |                2 |              4 |
|  frameEdge/frame             | playerVmove/count3/CE                   |                       |                2 |              4 |
|  clk0_BUFG                   | shipVmove2/count3/Up053_out             |                       |                2 |              4 |
|  clk0_BUFG                   | shipVmove3/count1/CE                    |                       |                1 |              4 |
|  not_so_slow/slowclk/clk_out | Horizontal/count1/CE                    |                       |                1 |              4 |
|  clk0_BUFG                   | shipVmove4/count3/Up039_out             |                       |                2 |              4 |
|  clk0_BUFG                   | shipVmove3/count3/Up046_out             |                       |                2 |              4 |
|  not_so_slow/slowclk/clk_out | smach/loadTarget                        |                       |               18 |             35 |
|  not_so_slow/slowclk/clk_out |                                         |                       |               21 |             42 |
+------------------------------+-----------------------------------------+-----------------------+------------------+----------------+


